// Jest Snapshot v1, https://goo.gl/fbAQLP

exports[`Sunburst should render correctly 1`] = `
<Fragment>
  <path
    d="M1.7689342654350655e-14,-288.88888888888886A288.88888888888886,288.88888888888886,0,0,1,169.80462844004776,233.716020597207L84.90231422002388,116.8580102986035A144.44444444444443,144.44444444444443,0,0,0,8.844671327175327e-15,-144.44444444444443Z"
    fill="#a1aee3"
    id="axisPath0"
    key="needStateArc-0"
    onMouseLeave={[Function]}
    onMouseMove={[Function]}
    stroke="grey"
    stroke-width={0.5}
  />
  <path
    d="M169.80462844004776,233.716020597207A288.88888888888886,288.88888888888886,0,0,1,-169.80462844004774,233.716020597207L-84.90231422002387,116.8580102986035A144.44444444444443,144.44444444444443,0,0,0,84.90231422002388,116.8580102986035Z"
    fill="#9cd9d5"
    id="axisPath1"
    key="needStateArc-1"
    onMouseLeave={[Function]}
    onMouseMove={[Function]}
    stroke="grey"
    stroke-width={0.5}
  />
  <path
    d="M-169.80462844004774,233.716020597207A288.88888888888886,288.88888888888886,0,0,1,-185.69419835388916,-221.30172801214914L-92.84709917694458,-110.65086400607457A144.44444444444443,144.44444444444443,0,0,0,-84.90231422002387,116.8580102986035Z"
    fill="#d2e4aa"
    id="axisPath2"
    key="needStateArc-2"
    onMouseLeave={[Function]}
    onMouseMove={[Function]}
    stroke="grey"
    stroke-width={0.5}
  />
  <path
    d="M-185.69419835388916,-221.30172801214914A288.88888888888886,288.88888888888886,0,0,1,-5.306802796305196e-14,-288.88888888888886L-2.653401398152598e-14,-144.44444444444443A144.44444444444443,144.44444444444443,0,0,0,-92.84709917694458,-110.65086400607457Z"
    fill="#f2af96"
    id="axisPath3"
    key="needStateArc-3"
    onMouseLeave={[Function]}
    onMouseMove={[Function]}
    stroke="grey"
    stroke-width={0.5}
  />
  <path
    d="M2.653401398152598e-14,-433.33333333333326A433.33333333333326,433.33333333333326,0,0,1,389.4774200629723,-189.96083027526683L259.65161337531487,-126.64055351684456A288.88888888888886,288.88888888888886,0,0,0,1.7689342654350655e-14,-288.88888888888886Z"
    fill="#a1aee3"
    id="axisPath10999"
    key="needStateArc-10999"
    onMouseLeave={[Function]}
    onMouseMove={[Function]}
    stroke="grey"
    stroke-width={0.5}
  />
  <path
    d="M389.4774200629723,-189.96083027526683A433.33333333333326,433.33333333333326,0,0,1,426.7500263052901,-75.24754365566982L284.50001753686007,-50.16502910377988A288.88888888888886,288.88888888888886,0,0,0,259.65161337531487,-126.64055351684456Z"
    fill="#a1aee3"
    id="axisPath11003"
    key="needStateArc-11003"
    onMouseLeave={[Function]}
    onMouseMove={[Function]}
    stroke="grey"
    stroke-width={0.5}
  />
  <path
    d="M426.7500263052901,-75.24754365566982A433.33333333333326,433.33333333333326,0,0,1,341.4713265629128,266.7866393077852L227.64755104194185,177.85775953852348A288.88888888888886,288.88888888888886,0,0,0,284.50001753686007,-50.16502910377988Z"
    fill="#a1aee3"
    id="axisPath11004"
    key="needStateArc-11004"
    onMouseLeave={[Function]}
    onMouseMove={[Function]}
    stroke="grey"
    stroke-width={0.5}
  />
  <path
    d="M341.4713265629128,266.7866393077852A433.33333333333326,433.33333333333326,0,0,1,254.70694266007166,350.5740308958105L169.80462844004776,233.716020597207A288.88888888888886,288.88888888888886,0,0,0,227.64755104194185,177.85775953852348Z"
    fill="#a1aee3"
    id="axisPath11009"
    key="needStateArc-11009"
    onMouseLeave={[Function]}
    onMouseMove={[Function]}
    stroke="grey"
    stroke-width={0.5}
  />
  <path
    d="M254.70694266007166,350.5740308958105A433.33333333333326,433.33333333333326,0,0,1,-90.09506602102913,423.86396031798233L-60.063377347352755,282.5759735453216A288.88888888888886,288.88888888888886,0,0,0,169.80462844004776,233.716020597207Z"
    fill="#9cd9d5"
    id="axisPath10902"
    key="needStateArc-10902"
    onMouseLeave={[Function]}
    onMouseMove={[Function]}
    stroke="grey"
    stroke-width={0.5}
  />
  <path
    d="M-90.09506602102913,423.86396031798233A433.33333333333326,433.33333333333326,0,0,1,-254.70694266007175,350.5740308958104L-169.80462844004785,233.71602059720695A288.88888888888886,288.88888888888886,0,0,0,-60.063377347352755,282.5759735453216Z"
    fill="#9cd9d5"
    id="axisPath10907"
    key="needStateArc-10907"
    onMouseLeave={[Function]}
    onMouseMove={[Function]}
    stroke="grey"
    stroke-width={0.5}
  />
  <path
    d="M-254.7069426600716,350.5740308958105A433.33333333333326,433.33333333333326,0,0,1,-401.77967031227445,162.32952381356193L-267.8531135415163,108.21968254237463A288.88888888888886,288.88888888888886,0,0,0,-169.80462844004774,233.716020597207Z"
    fill="#d2e4aa"
    id="axisPath10801"
    key="needStateArc-10801"
    onMouseLeave={[Function]}
    onMouseMove={[Function]}
    stroke="grey"
    stroke-width={0.5}
  />
  <path
    d="M-401.77967031227445,162.32952381356193A433.33333333333326,433.33333333333326,0,0,1,-389.47742006297227,-189.96083027526686L-259.65161337531487,-126.64055351684459A288.88888888888886,288.88888888888886,0,0,0,-267.8531135415163,108.21968254237463Z"
    fill="#d2e4aa"
    id="axisPath10806"
    key="needStateArc-10806"
    onMouseLeave={[Function]}
    onMouseMove={[Function]}
    stroke="grey"
    stroke-width={0.5}
  />
  <path
    d="M-389.47742006297227,-189.96083027526686A433.33333333333326,433.33333333333326,0,0,1,-278.54129753083373,-331.9525920182237L-185.69419835388916,-221.30172801214914A288.88888888888886,288.88888888888886,0,0,0,-259.65161337531487,-126.64055351684459Z"
    fill="#d2e4aa"
    id="axisPath10808"
    key="needStateArc-10808"
    onMouseLeave={[Function]}
    onMouseMove={[Function]}
    stroke="grey"
    stroke-width={0.5}
  />
  <path
    d="M-278.54129753083373,-331.9525920182237A433.33333333333326,433.33333333333326,0,0,1,-176.25254533284667,-395.8696983117937L-117.50169688856445,-263.9131322078625A288.88888888888886,288.88888888888886,0,0,0,-185.69419835388916,-221.30172801214914Z"
    fill="#f2af96"
    id="axisPath10700"
    key="needStateArc-10700"
    onMouseLeave={[Function]}
    onMouseMove={[Function]}
    stroke="grey"
    stroke-width={0.5}
  />
  <path
    d="M-176.25254533284667,-395.8696983117937A433.33333333333326,433.33333333333326,0,0,1,-7.960204194457793e-14,-433.33333333333326L-5.306802796305196e-14,-288.88888888888886A288.88888888888886,288.88888888888886,0,0,0,-117.50169688856445,-263.9131322078625Z"
    fill="#f2af96"
    id="axisPath10705"
    key="needStateArc-10705"
    onMouseLeave={[Function]}
    onMouseMove={[Function]}
    stroke="grey"
    stroke-width={0.5}
  />
</Fragment>
`;
