// Vitest Snapshot v1, https://vitest.dev/guide/snapshot.html

exports[`<Countdown /> with all data > should render correctly 1`] = `ShallowWrapper {}`;

exports[`<Countdown /> with all data should render correctly 1`] = `
<div
  className="Countdown"
>
  <span
    className="Countdown-col"
  >
    <span
      className="Countdown-col-element"
    >
      <strong>
        00
      </strong>
      <span>
        Days
      </span>
    </span>
  </span>
  <span
    className="Countdown-col"
  >
    <span
      className="Countdown-col-element"
    >
      <strong>
        00
      </strong>
      <span>
        Hours
      </span>
    </span>
  </span>
  <span
    className="Countdown-col"
  >
    <span
      className="Countdown-col-element"
    >
      <strong>
        00
      </strong>
      <span>
        Min
      </span>
    </span>
  </span>
  <span
    className="Countdown-col"
  >
    <span
      className="Countdown-col-element"
    >
      <strong>
        00
      </strong>
      <span>
        Sec
      </span>
    </span>
  </span>
</div>
`;
